﻿python : D:\seezcrs\seezcrs\mode
ls\agent\tools.py:18: 
LangChainDeprecationWarning: 
The class `TavilySearchResults` 
was deprecated in LangChain 
0.3.25 and will be removed in 
1.0. An updated version of the 
class exists in the 
`langchain-tavily package and 
should be used instead. To use 
it run `pip install -U 
`langchain-tavily` and import 
as `from `langchain_tavily 
import TavilySearch``.
At line:1 char:1
+ python 
scripts/test_agent_streaming.py 
> test_output.txt 2>&1
+ ~~~~~~~~~~~~~~~~~~~~~~~~~~~~~~
~~~~~~~~~~~~~~~~~~~~~~~~~~~~~~~
    + CategoryInfo          : N 
   otSpecified: (D:\seezcrs\se  
  ez...TavilySearch``.:String   
 ) [], RemoteException
    + FullyQualifiedErrorId : N 
   ativeCommandError
 
  tavily_tool = TavilySearchResu
lts(max_results=3, tavily_api_ke
y=settings.tavily_api_key)
WARNING:data.loader:No dataset 
file provided, using sample data
WARNING:utils.vector_store:chrom
adb not available, using 
in-memory store
INFO:models.agent.graph:[Agent.g
raph] compiled 
nodes=['chat_reply', 
'classify_intent', 'explain', 
'extract_preferences', 
'rank_score', 'retrieve', 
'rewrite_query'] 
entry=classify_intent 
intents=['chat', 'recommend', 
'clarify', 'closing']
--- Initializing Agent Recommender ---
--- Sending Query: Recommend a movie like Inception and explain why. ---
INFO:models.agent.recommender:[A
gent-Stream] start user_id=None
INFO:httpx:HTTP Request: POST ht
tps://api.openai.com/v1/chat/com
pletions "HTTP/1.1 200 OK"
INFO:models.query_rewrite:[Query
Rewrite] 'Recommend a movie 
like Inception and explain 
why.' -> 'Recommend a movie 
that is similar to Inception 
and explain why it shares 
similar themes or styles.'
INFO:httpx:HTTP Request: POST ht
tps://api.openai.com/v1/chat/com
pletions "HTTP/1.1 200 OK"
INFO:models.agent.intent:[Agent.
intent] classified='recommend' 
query='Recommend a movie like 
Inception and explain why.'
INFO:models.agent.nodes:[Agent.e
xtract_preferences] filters={} 
user_history_keys=[]
INFO:httpx:HTTP Request: POST ht
tps://api.openai.com/v1/embeddin
gs "HTTP/1.1 200 OK"
INFO:models.agent.nodes:[Agent.r
etrieve] query='Recommend a 
movie that is similar to 
Inception and explain why it 
shares similar' filters={} -> 0 
candidates
INFO:utils.reranker:[Reranker] 
initialized simple 
keyword-based reranker
INFO:models.agent.nodes:[Agent.e
xplain] ranked=0 
history_turns=0 
tools_available=True
INFO:httpx:HTTP Request: POST ht
tps://api.openai.com/v1/chat/com
pletions "HTTP/1.1 200 OK"
Tokens: I'm sorry, but I don't have any movie recommendations available at the moment. If you have any other questions or need information, feel free to ask!
--- Final Response Length:  149
